2026-05-18 11:45:28 | INFO     | __main__:<module>:48 - >>> GERANDO 10000 PROCESSOS SINTÉTICOS COM DADOS 'SUJOS' <<<
2026-05-18 11:45:29 | SUCCESS  | __main__:<module>:163 - Base gerada em: C:\Users\tuala\OneDrive\Área de Trabalho\pipeline-juridico-v1\data\bronze\dados_brutos_simulados.csv
2026-05-18 11:46:13 | INFO     | __main__:main:234 - >>> INICIANDO PIPELINE (MOCK) <<<
2026-05-18 11:46:13 | INFO     | __main__:carregar_dados:51 - Carregando dados de: C:\Users\tuala\OneDrive\Área de Trabalho\pipeline-juridico-v1\data\bronze\dados_brutos_simulados.csv
2026-05-18 11:46:14 | INFO     | __main__:carregar_dados:57 - Dados carregados: 10000 registros.
2026-05-18 11:46:14 | INFO     | __main__:_transformar_e_limpar_dados:61 - Aplicando transformação e limpeza...
2026-05-18 11:46:14 | INFO     | __main__:_salvar_silver:166 - Camada Silver salva em: C:\Users\tuala\OneDrive\Área de Trabalho\pipeline-juridico-v1\data\silver\base_limpa.csv
2026-05-18 11:46:14 | DEBUG    | __main__:_gerar_performance_procurador:187 - Calculando performance (com dias zerados)...
2026-05-18 11:46:14 | DEBUG    | __main__:_gerar_base_analitica:204 - Gerando base analítica final...
2026-05-18 11:46:14 | ERROR    | __main__:main:241 - Erro crítico no pipeline: "['pendentes'] not in index"
Traceback (most recent call last):

  File "C:\Users\tuala\OneDrive\Área de Trabalho\pipeline-juridico-v1\src\pipeline_etl.py", line 244, in <module>
    main()
    └ <function main at 0x000002300AA80A40>

> File "C:\Users\tuala\OneDrive\Área de Trabalho\pipeline-juridico-v1\src\pipeline_etl.py", line 237, in main
    etl.executar()
    │   └ <function RelatorioJuridico.executar at 0x000002300AA81300>
    └ <__main__.RelatorioJuridico object at 0x0000023008F8AC10>

  File "C:\Users\tuala\OneDrive\Área de Trabalho\pipeline-juridico-v1\src\pipeline_etl.py", line 230, in executar
    self.processar_relatorios()
    │    └ <function RelatorioJuridico.processar_relatorios at 0x000002300AA81080>
    └ <__main__.RelatorioJuridico object at 0x0000023008F8AC10>

  File "C:\Users\tuala\OneDrive\Área de Trabalho\pipeline-juridico-v1\src\pipeline_etl.py", line 181, in processar_relatorios
    self._gerar_base_analitica()
    │    └ <function RelatorioJuridico._gerar_base_analitica at 0x000002300AA811C0>
    └ <__main__.RelatorioJuridico object at 0x0000023008F8AC10>

  File "C:\Users\tuala\OneDrive\Área de Trabalho\pipeline-juridico-v1\src\pipeline_etl.py", line 209, in _gerar_base_analitica
    self.resultados['base_analitica'] = self.df_base[colunas_base].copy()
    │    │                              │    │       └ ['Data da Extração', 'Número', 'Classe', 'Procurador Responsável', 'Órgão Padronizado', 'Valor da causa', 'Status Normalizado...
    │    │                              │    └      Data da Extração                     Número                             Classe   Procurador Responsável  ... Órgão Padro...
    │    │                              └ <__main__.RelatorioJuridico object at 0x0000023008F8AC10>
    │    └ {'performance_procurador':      Data da Extração   Procurador Responsável  Qtd_Processos
    │      0          2025-11-19           Juan...
    └ <__main__.RelatorioJuridico object at 0x0000023008F8AC10>

  File "C:\Users\tuala\PycharmProjects\PythonProject\.venv\Lib\site-packages\pandas\core\frame.py", line 4384, in __getitem__
    indexer = self.columns._get_indexer_strict(key, "columns")[1]
              │    │                           └ ['Data da Extração', 'Número', 'Classe', 'Procurador Responsável', 'Órgão Padronizado', 'Valor da causa', 'Status Normalizado...
              │    └ <pandas._libs.properties.AxisProperty object at 0x000002300A4DD7E0>
              └      Data da Extração                     Número                             Classe   Procurador Responsável  ... Órgão Padro...
  File "C:\Users\tuala\PycharmProjects\PythonProject\.venv\Lib\site-packages\pandas\core\indexes\base.py", line 6302, in _get_indexer_strict
    self._raise_if_missing(keyarr, indexer, axis_name)
    │    │                 │       │        └ 'columns'
    │    │                 │       └ array([ 0,  1,  2,  3, 12,  6, 15, 13, 14, 10, 11, -1])
    │    │                 └ Index(['Data da Extração', 'Número', 'Classe', 'Procurador Responsável',
    │    │                          'Órgão Padronizado', 'Valor da causa', 'Statu...
    │    └ <function Index._raise_if_missing at 0x000002300A213B00>
    └ Index(['Data da Extração', 'Número', 'Classe', 'Procurador Responsável',
             'Relator', 'Órgão Julgador', 'Valor da causa'...
  File "C:\Users\tuala\PycharmProjects\PythonProject\.venv\Lib\site-packages\pandas\core\indexes\base.py", line 6355, in _raise_if_missing
    raise KeyError(f"{not_found} not in index")

KeyError: "['pendentes'] not in index"
2026-05-18 11:51:37 | INFO     | __main__:<module>:48 - >>> GERANDO 10000 PROCESSOS SINTÉTICOS COM DADOS 'SUJOS' <<<
2026-05-18 11:51:38 | SUCCESS  | __main__:<module>:163 - Base gerada em: C:\Users\tuala\OneDrive\Área de Trabalho\pipeline-juridico-v1\data\bronze\dados_brutos_simulados.csv
2026-05-18 11:51:45 | INFO     | __main__:main:234 - >>> INICIANDO PIPELINE (MOCK) <<<
2026-05-18 11:51:45 | INFO     | __main__:carregar_dados:51 - Carregando dados de: C:\Users\tuala\OneDrive\Área de Trabalho\pipeline-juridico-v1\data\bronze\dados_brutos_simulados.csv
2026-05-18 11:51:45 | INFO     | __main__:carregar_dados:57 - Dados carregados: 10000 registros.
2026-05-18 11:51:45 | INFO     | __main__:_transformar_e_limpar_dados:61 - Aplicando transformação e limpeza...
2026-05-18 11:51:46 | INFO     | __main__:_salvar_silver:166 - Camada Silver salva em: C:\Users\tuala\OneDrive\Área de Trabalho\pipeline-juridico-v1\data\silver\base_limpa.csv
2026-05-18 11:51:46 | DEBUG    | __main__:_gerar_performance_procurador:187 - Calculando performance (com dias zerados)...
2026-05-18 11:51:46 | DEBUG    | __main__:_gerar_base_analitica:204 - Gerando base analítica final...
2026-05-18 11:51:46 | DEBUG    | __main__:_gerar_dim_materias:119 - Gerando tabela dimensional de Matéria...
2026-05-18 11:51:46 | DEBUG    | __main__:_gerar_dim_regionalizacao_uf:140 - Gerando tabela dimensional de UFs...
2026-05-18 11:51:46 | DEBUG    | __main__:_gerar_dim_polo:152 - Gerando tabela de Polo...
2026-05-18 11:51:46 | INFO     | __main__:exportar_dados:212 - Salvando resultados em C:\Users\tuala\OneDrive\Área de Trabalho\pipeline-juridico-v1\data\gold...
2026-05-18 11:51:46 | SUCCESS  | __main__:exportar_dados:221 - Arquivo gerado: performance_procurador.csv
2026-05-18 11:51:46 | SUCCESS  | __main__:exportar_dados:225 - Arquivo gerado: performance_procurador.parquet
2026-05-18 11:51:46 | SUCCESS  | __main__:exportar_dados:221 - Arquivo gerado: base_analitica.csv
2026-05-18 11:51:46 | SUCCESS  | __main__:exportar_dados:225 - Arquivo gerado: base_analitica.parquet
2026-05-18 11:51:47 | SUCCESS  | __main__:exportar_dados:221 - Arquivo gerado: dim_materias.csv
2026-05-18 11:51:47 | SUCCESS  | __main__:exportar_dados:225 - Arquivo gerado: dim_materias.parquet
2026-05-18 11:51:47 | SUCCESS  | __main__:exportar_dados:221 - Arquivo gerado: dim_regionalizacao_uf.csv
2026-05-18 11:51:47 | SUCCESS  | __main__:exportar_dados:225 - Arquivo gerado: dim_regionalizacao_uf.parquet
2026-05-18 11:51:47 | SUCCESS  | __main__:exportar_dados:221 - Arquivo gerado: dim_polo.csv
2026-05-18 11:51:47 | SUCCESS  | __main__:exportar_dados:225 - Arquivo gerado: dim_polo.parquet
2026-05-18 11:51:47 | SUCCESS  | __main__:main:238 - Pipeline finalizado com sucesso.
2026-05-18 13:22:55 | INFO     | __main__:<module>:48 - >>> GERANDO 10000 PROCESSOS SINTÉTICOS COM DADOS 'SUJOS' <<<
2026-05-18 13:22:55 | SUCCESS  | __main__:<module>:163 - Base gerada em: C:\Users\tuala\OneDrive\Área de Trabalho\pipeline-juridico-v1\data\bronze\dados_brutos_simulados.csv
2026-05-18 13:23:01 | INFO     | __main__:main:234 - >>> INICIANDO PIPELINE (MOCK) <<<
2026-05-18 13:23:01 | INFO     | __main__:carregar_dados:51 - Carregando dados de: C:\Users\tuala\OneDrive\Área de Trabalho\pipeline-juridico-v1\data\bronze\dados_brutos_simulados.csv
2026-05-18 13:23:01 | INFO     | __main__:carregar_dados:57 - Dados carregados: 10000 registros.
2026-05-18 13:23:01 | INFO     | __main__:_transformar_e_limpar_dados:61 - Aplicando transformação e limpeza...
2026-05-18 13:23:01 | INFO     | __main__:_salvar_silver:166 - Camada Silver salva em: C:\Users\tuala\OneDrive\Área de Trabalho\pipeline-juridico-v1\data\silver\base_limpa.csv
2026-05-18 13:23:01 | DEBUG    | __main__:_gerar_performance_procurador:187 - Calculando performance (com dias zerados)...
2026-05-18 13:23:01 | DEBUG    | __main__:_gerar_base_analitica:204 - Gerando base analítica final...
2026-05-18 13:23:01 | DEBUG    | __main__:_gerar_dim_materias:119 - Gerando tabela dimensional de Matéria...
2026-05-18 13:23:02 | DEBUG    | __main__:_gerar_dim_regionalizacao_uf:140 - Gerando tabela dimensional de UFs...
2026-05-18 13:23:02 | DEBUG    | __main__:_gerar_dim_polo:152 - Gerando tabela de Polo...
2026-05-18 13:23:02 | INFO     | __main__:exportar_dados:212 - Salvando resultados em C:\Users\tuala\OneDrive\Área de Trabalho\pipeline-juridico-v1\data\gold...
2026-05-18 13:23:02 | SUCCESS  | __main__:exportar_dados:221 - Arquivo gerado: performance_procurador.csv
2026-05-18 13:23:02 | SUCCESS  | __main__:exportar_dados:225 - Arquivo gerado: performance_procurador.parquet
2026-05-18 13:23:02 | SUCCESS  | __main__:exportar_dados:221 - Arquivo gerado: base_analitica.csv
2026-05-18 13:23:02 | SUCCESS  | __main__:exportar_dados:225 - Arquivo gerado: base_analitica.parquet
2026-05-18 13:23:02 | SUCCESS  | __main__:exportar_dados:221 - Arquivo gerado: dim_materias.csv
2026-05-18 13:23:02 | SUCCESS  | __main__:exportar_dados:225 - Arquivo gerado: dim_materias.parquet
2026-05-18 13:23:02 | SUCCESS  | __main__:exportar_dados:221 - Arquivo gerado: dim_regionalizacao_uf.csv
2026-05-18 13:23:02 | SUCCESS  | __main__:exportar_dados:225 - Arquivo gerado: dim_regionalizacao_uf.parquet
2026-05-18 13:23:02 | SUCCESS  | __main__:exportar_dados:221 - Arquivo gerado: dim_polo.csv
2026-05-18 13:23:02 | SUCCESS  | __main__:exportar_dados:225 - Arquivo gerado: dim_polo.parquet
2026-05-18 13:23:02 | SUCCESS  | __main__:main:238 - Pipeline finalizado com sucesso.
2026-05-18 18:17:29 | INFO     | __main__:<module>:48 - >>> GERANDO 10000 PROCESSOS SINTÉTICOS COM DADOS 'SUJOS' <<<
2026-05-18 18:17:33 | SUCCESS  | __main__:<module>:166 - Base gerada em: C:\Users\tuala\OneDrive\Área de Trabalho\pipeline-juridico-v1\data\bronze\dados_brutos_simulados.csv
